{"version":3,"file":"helloworld.js.coffee","sources":["helloworld.js.coffee"],"names":[],"mappings":"AAAC;;;EAAA,CAAA,GAAI,SAAA,CAAA,CAAA;WACD;;EACD,CAAC,CAAA;EAGH,CAAA,GAAI,SAAA,CAAA,CAAA;WACD;;EACD,CAAC,CAAA"}